[13:55:13.817] [32mINFO[39m (32028): [36mrequest completed[39m
    [35mreq[39m: {
      "id": 1,
      "method": "POST",
      "url": "/workflows",
      "query": {},
      "params": {
        "path": [
          "workflows"
        ]
      },
      "headers": {
        "host": "127.0.0.1:59268",
        "accept-encoding": "gzip, deflate",
        "content-type": "application/json",
        "content-length": "211",
        "connection": "close"
      },
      "remoteAddress": "::ffff:127.0.0.1",
      "remotePort": 59269
    }
    [35mres[39m: {
      "statusCode": 201,
      "headers": {
        "x-powered-by": "Express",
        "content-type": "application/json; charset=utf-8",
        "content-length": "556",
        "etag": "W/\"22c-KuNU0FD+0I2ZXMWDmaHsQ318r88\""
      }
    }
    [35mresponseTime[39m: 1729
[13:55:14.398] [32mINFO[39m (32028): [36mrequest completed[39m
    [35mreq[39m: {
      "id": 2,
      "method": "GET",
      "url": "/workflows",
      "query": {},
      "params": {
        "path": [
          "workflows"
        ]
      },
      "headers": {
        "host": "127.0.0.1:59275",
        "accept-encoding": "gzip, deflate",
        "connection": "close"
      },
      "remoteAddress": "::ffff:127.0.0.1",
      "remotePort": 59276
    }
    [35mres[39m: {
      "statusCode": 200,
      "headers": {
        "x-powered-by": "Express",
        "content-type": "application/json; charset=utf-8",
        "content-length": "558",
        "etag": "W/\"22e-vDNdZgQDQ8hRsLweZFy+47tK+VM\""
      }
    }
    [35mresponseTime[39m: 547
[13:55:14.680] [32mINFO[39m (32028): [36mrequest completed[39m
    [35mreq[39m: {
      "id": 3,
      "method": "POST",
      "url": "/forms",
      "query": {},
      "params": {
        "path": [
          "forms"
        ]
      },
      "headers": {
        "host": "127.0.0.1:59278",
        "accept-encoding": "gzip, deflate",
        "content-type": "application/json",
        "content-length": "42",
        "connection": "close"
      },
      "remoteAddress": "::ffff:127.0.0.1",
      "remotePort": 59279
    }
    [35mres[39m: {
      "statusCode": 201,
      "headers": {
        "x-powered-by": "Express",
        "content-type": "application/json; charset=utf-8",
        "content-length": "156",
        "etag": "W/\"9c-yuUqpwt3tR2nPgU8f5Z9jk0avVQ\""
      }
    }
    [35mresponseTime[39m: 271
[13:55:16.825] [32mINFO[39m (32028): [36mrequest completed[39m
    [35mreq[39m: {
      "id": 4,
      "method": "POST",
      "url": "/projects",
      "query": {},
      "params": {
        "path": [
          "projects"
        ]
      },
      "headers": {
        "host": "127.0.0.1:59280",
        "accept-encoding": "gzip, deflate",
        "content-type": "application/json",
        "content-length": "102",
        "connection": "close"
      },
      "remoteAddress": "::ffff:127.0.0.1",
      "remotePort": 59281
    }
    [35mres[39m: {
      "statusCode": 201,
      "headers": {
        "x-powered-by": "Express",
        "content-type": "application/json; charset=utf-8",
        "content-length": "407",
        "etag": "W/\"197-inUWlDvz285Zvn+Zg79UqSyUc8I\""
      }
    }
    [35mresponseTime[39m: 2136
[13:55:17.233] [32mINFO[39m (32028): [36mrequest completed[39m
    [35mreq[39m: {
      "id": 5,
      "method": "POST",
      "url": "/projects/54ace915-9b2d-47cd-9f7b-a8cb3b0f3d22/stories",
      "query": {},
      "params": {
        "path": [
          "projects",
          "54ace915-9b2d-47cd-9f7b-a8cb3b0f3d22",
          "stories"
        ]
      },
      "headers": {
        "host": "127.0.0.1:59282",
        "accept-encoding": "gzip, deflate",
        "content-type": "application/json",
        "content-length": "26",
        "connection": "close"
      },
      "remoteAddress": "::ffff:127.0.0.1",
      "remotePort": 59283
    }
    [35mres[39m: {
      "statusCode": 201,
      "headers": {
        "x-powered-by": "Express",
        "content-type": "application/json; charset=utf-8",
        "content-length": "261",
        "etag": "W/\"105-qbKPIO7we9ZyA1r6jqCn5vWf1/U\""
      }
    }
    [35mresponseTime[39m: 392
[13:55:17.647] [32mINFO[39m (32028): [36mrequest completed[39m
    [35mreq[39m: {
      "id": 6,
      "method": "POST",
      "url": "/stories/6d350d61-7491-4eda-9e9c-ce234cdd2d74/tasks",
      "query": {},
      "params": {
        "path": [
          "stories",
          "6d350d61-7491-4eda-9e9c-ce234cdd2d74",
          "tasks"
        ]
      },
      "headers": {
        "host": "127.0.0.1:59284",
        "accept-encoding": "gzip, deflate",
        "content-type": "application/json",
        "content-length": "36",
        "connection": "close"
      },
      "remoteAddress": "::ffff:127.0.0.1",
      "remotePort": 59285
    }
    [35mres[39m: {
      "statusCode": 201,
      "headers": {
        "x-powered-by": "Express",
        "content-type": "application/json; charset=utf-8",
        "content-length": "319",
        "etag": "W/\"13f-e6xwy9l12TNbZjS46/JKWMTvnJE\""
      }
    }
    [35mresponseTime[39m: 397
[13:55:20.005] [32mINFO[39m (32028): [36mrequest completed[39m
    [35mreq[39m: {
      "id": 7,
      "method": "PATCH",
      "url": "/tasks/b7a4cc92-3369-45d6-ab1c-0dedcab93902",
      "query": {},
      "params": {
        "path": [
          "tasks",
          "b7a4cc92-3369-45d6-ab1c-0dedcab93902"
        ]
      },
      "headers": {
        "host": "127.0.0.1:59286",
        "accept-encoding": "gzip, deflate",
        "content-type": "application/json",
        "content-length": "17",
        "connection": "close"
      },
      "remoteAddress": "::ffff:127.0.0.1",
      "remotePort": 59287
    }
    [35mres[39m: {
      "statusCode": 200,
      "headers": {
        "x-powered-by": "Express",
        "content-type": "application/json; charset=utf-8",
        "content-length": "319",
        "etag": "W/\"13f-bM3qEkdnWrj1q8vTpLMvm6gxW1Q\""
      }
    }
    [35mresponseTime[39m: 2337
node.exe : PASS test/workflow-management.e2e-spec.ts 
(13.28 s)
At line:1 char:1
+ & "C:\Program Files\nodejs/node.exe" "C:\Users\Quicksell 
Work\AppData ...
+ ~~~~~~~~~~~~~~~~~~~~~~~~~~~~~~~~~~~~~~~~~~~~~~~~~~~~~~~~~
~~~~~~~~~~~~
    + CategoryInfo          : NotSpecified: (PASS test/wor 
   kf...ec.ts (13.28 s):String) [], RemoteException
    + FullyQualifiedErrorId : NativeCommandError
 
  Workflow Management (E2E)
    ΓêÜ /workflows (POST) - Create Automation Rule (1800 
ms)
    ΓêÜ /workflows (GET) - List Rules (575 ms)
    ΓêÜ Should trigger workflow on Task Completion (6999 
ms)

Test Suites: 1 passed, 1 total
Tests:       3 passed, 3 total
Snapshots:   0 total
Time:        13.56 s
Ran all test suites matching 
test/workflow-management.e2e-spec.ts.
